---
source: src/buffer.rs
assertion_line: 293
expression: "pretty(&buffer.get_records(\"\".into(), 4, 0))"
---
{
  "next": 3,
  "records": []
}
