---
source: crates/pink/tests/test_pink_contract.rs
assertion_line: 190
expression: effects
---
ExecSideEffects {
    pink_events: [
        (
            039fee9d7ce83a75f3e236161a8f7cf0f7c4ba5e1aa4a8eea659c5d98b04f186 (5C9TWZop...),
            Message(
                Message {
                    payload: [
                        66,
                        66,
                    ],
                    topic: [
                        36,
                        36,
                    ],
                },
            ),
        ),
    ],
    ink_events: [],
    instantiated: [],
}
