---
source: crates/pink/tests/test_pink_contract.rs
assertion_line: 228
expression: contract
---
Contract {
    address: 2affb93501ca8833b6dd866cbe03fe08da1a71dbccf82db453457901173485b8 (5D35qL1j...),
    hooks: HookSelectors {
        on_block_end: None,
    },
}
