---
source: crates/pink/tests/test_pink_contract.rs
expression: result

---
true
